Info: Starting: Create block symbol file (.bsf)
Info: qsys-generate /home/guoj/Documents/Year-3/CPEN-391/repo/cpen391_group5_qsys.qsys --block-symbol-file --output-directory=/home/guoj/Documents/Year-3/CPEN-391/repo/cpen391_group5_qsys --family="Cyclone V" --part=5CSEMA5F31C6
Progress: Loading repo/cpen391_group5_qsys.qsys
Progress: Reading input file
Progress: Adding SD_Card_Interface [Altera_UP_SD_Card_Avalon_Interface 15.0]
Progress: Parameterizing module SD_Card_Interface
Progress: Adding VIdeo_Out_VGA_CTRL [altera_up_avalon_video_vga_controller 15.0]
Progress: Parameterizing module VIdeo_Out_VGA_CTRL
Progress: Adding Video_Frame_Buffer [altera_avalon_onchip_memory2 15.0]
Progress: Parameterizing module Video_Frame_Buffer
Progress: Adding Video_In_CSC [altera_up_avalon_video_csc 15.0]
Progress: Parameterizing module Video_In_CSC
Progress: Adding Video_In_Chroma [altera_up_avalon_video_chroma_resampler 15.0]
Progress: Parameterizing module Video_In_Chroma
Progress: Adding Video_In_Clipper [altera_up_avalon_video_clipper 15.0]
Progress: Parameterizing module Video_In_Clipper
Progress: Adding Video_In_DMA [altera_up_avalon_video_dma_controller 15.0]
Progress: Parameterizing module Video_In_DMA
Progress: Adding Video_In_Decoder [altera_up_avalon_video_decoder 15.0]
Progress: Parameterizing module Video_In_Decoder
Progress: Adding Video_In_Scaler [altera_up_avalon_video_scaler 15.0]
Progress: Parameterizing module Video_In_Scaler
Progress: Adding Video_Out_DMA [altera_up_avalon_video_dma_controller 15.0]
Progress: Parameterizing module Video_Out_DMA
Progress: Adding Video_Out_FIFO [altera_up_avalon_video_dual_clock_buffer 15.0]
Progress: Parameterizing module Video_Out_FIFO
Progress: Adding Video_Out_Resampler [altera_up_avalon_video_rgb_resampler 15.0]
Progress: Parameterizing module Video_Out_Resampler
Progress: Adding Video_Out_Scaler [altera_up_avalon_video_scaler 15.0]
Progress: Parameterizing module Video_Out_Scaler
Progress: Adding clocks [altera_up_avalon_sys_sdram_pll 15.0]
Progress: Parameterizing module clocks
Progress: Adding jtag_uart_0 [altera_avalon_jtag_uart 15.0]
Progress: Parameterizing module jtag_uart_0
Progress: Adding led_out_pio [altera_avalon_pio 15.0]
Progress: Parameterizing module led_out_pio
Progress: Adding nios2 [altera_nios2_qsys 15.0]
Progress: Parameterizing module nios2
Progress: Adding sdram [altera_avalon_new_sdram_controller 15.0]
Progress: Parameterizing module sdram
Progress: Adding switch_in_pio [altera_avalon_pio 15.0]
Progress: Parameterizing module switch_in_pio
Progress: Adding video_pll_0 [altera_up_avalon_video_pll 15.0]
Progress: Parameterizing module video_pll_0
Progress: Building connections
Progress: Parameterizing connections
Progress: Validating
Progress: Done reading input file
Warning: cpen391_group5_qsys.Altera_UP_SD_Card_Avalon_Interface: File /home/guoj/altera/15.0/ip/altera/university_program/memory/altera_up_sd_card_avalon_interface/hdl/Altera_UP_SD_Card_Memory_Block.qip not found
Warning: cpen391_group5_qsys.Altera_UP_SD_Card_Avalon_Interface: File /home/guoj/altera/15.0/ip/altera/university_program/memory/altera_up_sd_card_avalon_interface/hdl/Altera_UP_SD_Card_Memory_Block.bsf not found
Warning: cpen391_group5_qsys.Altera_UP_SD_Card_Avalon_Interface: File /home/guoj/altera/15.0/ip/altera/university_program/memory/altera_up_sd_card_avalon_interface/hdl/Altera_UP_SD_Card_Memory_Block.cmp not found
Info: cpen391_group5_qsys.VIdeo_Out_VGA_CTRL: Video Output Stream: Format: 640 x 480 with Color: 10 (bits) x 3 (planes) converted to 8 (bits) per color plane
Info: cpen391_group5_qsys.Video_In_CSC: Colour Space Conversion: 8 (bits) x 3 (planes) (444 YCrCb) -> 8 (bits) x 3 (planes) (24-bit RGB)
Info: cpen391_group5_qsys.Video_In_Chroma: Chroma Resampling: 8 (bits) x 2 (planes) -> 8 (bits) x 3 (planes)
Info: cpen391_group5_qsys.Video_In_Clipper: Change in Resolution: 720 x 244 -> 640 x 240
Info: cpen391_group5_qsys.Video_In_Decoder: Video In Stream: Format: 720 x 244 (Odd Frames) or 720 x 243 (Even Frames) with Colour: 8 (bits) x 2 (planes) (YCrCb 4:2:2)
Info: cpen391_group5_qsys.Video_In_Scaler: Change in Resolution: 640 x 240 -> 320 x 240
Info: cpen391_group5_qsys.Video_Out_Resampler: RGB Resampling: 8 (bits) x 3 (planes) -> 10 (bits) x 3 (planes)
Info: cpen391_group5_qsys.Video_Out_Scaler: Change in Resolution: 320 x 240 -> 640 x 480
Warning: cpen391_group5_qsys.nios2: Nios II Classic cores are now superseded by improved Gen 2 cores.
Info: cpen391_group5_qsys.switch_in_pio: PIO inputs are not hardwired in test bench. Undefined values will be read from PIO inputs during simulation.
Info: ip-generate succeeded.
Info: Finished: Create block symbol file (.bsf)
Info: 
Info: Starting: Create HDL design files for synthesis
Info: qsys-generate /home/guoj/Documents/Year-3/CPEN-391/repo/cpen391_group5_qsys.qsys --synthesis=VERILOG --output-directory=/home/guoj/Documents/Year-3/CPEN-391/repo/cpen391_group5_qsys/synthesis --family="Cyclone V" --part=5CSEMA5F31C6
Progress: Loading repo/cpen391_group5_qsys.qsys
Progress: Reading input file
Progress: Adding SD_Card_Interface [Altera_UP_SD_Card_Avalon_Interface 15.0]
Progress: Parameterizing module SD_Card_Interface
Progress: Adding VIdeo_Out_VGA_CTRL [altera_up_avalon_video_vga_controller 15.0]
Progress: Parameterizing module VIdeo_Out_VGA_CTRL
Progress: Adding Video_Frame_Buffer [altera_avalon_onchip_memory2 15.0]
Progress: Parameterizing module Video_Frame_Buffer
Progress: Adding Video_In_CSC [altera_up_avalon_video_csc 15.0]
Progress: Parameterizing module Video_In_CSC
Progress: Adding Video_In_Chroma [altera_up_avalon_video_chroma_resampler 15.0]
Progress: Parameterizing module Video_In_Chroma
Progress: Adding Video_In_Clipper [altera_up_avalon_video_clipper 15.0]
Progress: Parameterizing module Video_In_Clipper
Progress: Adding Video_In_DMA [altera_up_avalon_video_dma_controller 15.0]
Progress: Parameterizing module Video_In_DMA
Progress: Adding Video_In_Decoder [altera_up_avalon_video_decoder 15.0]
Progress: Parameterizing module Video_In_Decoder
Progress: Adding Video_In_Scaler [altera_up_avalon_video_scaler 15.0]
Progress: Parameterizing module Video_In_Scaler
Progress: Adding Video_Out_DMA [altera_up_avalon_video_dma_controller 15.0]
Progress: Parameterizing module Video_Out_DMA
Progress: Adding Video_Out_FIFO [altera_up_avalon_video_dual_clock_buffer 15.0]
Progress: Parameterizing module Video_Out_FIFO
Progress: Adding Video_Out_Resampler [altera_up_avalon_video_rgb_resampler 15.0]
Progress: Parameterizing module Video_Out_Resampler
Progress: Adding Video_Out_Scaler [altera_up_avalon_video_scaler 15.0]
Progress: Parameterizing module Video_Out_Scaler
Progress: Adding clocks [altera_up_avalon_sys_sdram_pll 15.0]
Progress: Parameterizing module clocks
Progress: Adding jtag_uart_0 [altera_avalon_jtag_uart 15.0]
Progress: Parameterizing module jtag_uart_0
Progress: Adding led_out_pio [altera_avalon_pio 15.0]
Progress: Parameterizing module led_out_pio
Progress: Adding nios2 [altera_nios2_qsys 15.0]
Progress: Parameterizing module nios2
Progress: Adding sdram [altera_avalon_new_sdram_controller 15.0]
Progress: Parameterizing module sdram
Progress: Adding switch_in_pio [altera_avalon_pio 15.0]
Progress: Parameterizing module switch_in_pio
Progress: Adding video_pll_0 [altera_up_avalon_video_pll 15.0]
Progress: Parameterizing module video_pll_0
Progress: Building connections
Progress: Parameterizing connections
Progress: Validating
Progress: Done reading input file
Warning: cpen391_group5_qsys.Altera_UP_SD_Card_Avalon_Interface: File /home/guoj/altera/15.0/ip/altera/university_program/memory/altera_up_sd_card_avalon_interface/hdl/Altera_UP_SD_Card_Memory_Block.qip not found
Warning: cpen391_group5_qsys.Altera_UP_SD_Card_Avalon_Interface: File /home/guoj/altera/15.0/ip/altera/university_program/memory/altera_up_sd_card_avalon_interface/hdl/Altera_UP_SD_Card_Memory_Block.bsf not found
Warning: cpen391_group5_qsys.Altera_UP_SD_Card_Avalon_Interface: File /home/guoj/altera/15.0/ip/altera/university_program/memory/altera_up_sd_card_avalon_interface/hdl/Altera_UP_SD_Card_Memory_Block.cmp not found
Info: cpen391_group5_qsys.VIdeo_Out_VGA_CTRL: Video Output Stream: Format: 640 x 480 with Color: 10 (bits) x 3 (planes) converted to 8 (bits) per color plane
Info: cpen391_group5_qsys.Video_In_CSC: Colour Space Conversion: 8 (bits) x 3 (planes) (444 YCrCb) -> 8 (bits) x 3 (planes) (24-bit RGB)
Info: cpen391_group5_qsys.Video_In_Chroma: Chroma Resampling: 8 (bits) x 2 (planes) -> 8 (bits) x 3 (planes)
Info: cpen391_group5_qsys.Video_In_Clipper: Change in Resolution: 720 x 244 -> 640 x 240
Info: cpen391_group5_qsys.Video_In_Decoder: Video In Stream: Format: 720 x 244 (Odd Frames) or 720 x 243 (Even Frames) with Colour: 8 (bits) x 2 (planes) (YCrCb 4:2:2)
Info: cpen391_group5_qsys.Video_In_Scaler: Change in Resolution: 640 x 240 -> 320 x 240
Info: cpen391_group5_qsys.Video_Out_Resampler: RGB Resampling: 8 (bits) x 3 (planes) -> 10 (bits) x 3 (planes)
Info: cpen391_group5_qsys.Video_Out_Scaler: Change in Resolution: 320 x 240 -> 640 x 480
Warning: cpen391_group5_qsys.nios2: Nios II Classic cores are now superseded by improved Gen 2 cores.
Info: cpen391_group5_qsys.switch_in_pio: PIO inputs are not hardwired in test bench. Undefined values will be read from PIO inputs during simulation.
Info: cpen391_group5_qsys: Generating cpen391_group5_qsys "cpen391_group5_qsys" for QUARTUS_SYNTH
Info: Interconnect is inserted between master Video_In_DMA.avalon_dma_master and slave Video_Frame_Buffer.s1 because the master has address signal 32 bit wide, but the slave is 17 bit wide.
Info: Interconnect is inserted between master Video_In_DMA.avalon_dma_master and slave Video_Frame_Buffer.s1 because the master has waitrequest signal 1 bit wide, but the slave is 0 bit wide.
Error: SD_Card_Interface: /home/guoj/altera/15.0/ip/altera/university_program/memory/altera_up_sd_card_avalon_interface/hdl/Altera_UP_SD_Card_Memory_Block.qip (No such file or directory)
Error: SD_Card_Interface: /home/guoj/altera/15.0/ip/altera/university_program/memory/altera_up_sd_card_avalon_interface/hdl/Altera_UP_SD_Card_Memory_Block.bsf (No such file or directory)
Error: SD_Card_Interface: /home/guoj/altera/15.0/ip/altera/university_program/memory/altera_up_sd_card_avalon_interface/hdl/Altera_UP_SD_Card_Memory_Block.cmp (No such file or directory)
Info: SD_Card_Interface: "cpen391_group5_qsys" instantiated Altera_UP_SD_Card_Avalon_Interface "SD_Card_Interface"
Error: Generation stopped, 25 or more modules remaining
Info: cpen391_group5_qsys: Done "cpen391_group5_qsys" with 25 modules, 12 files
Error: ip-generate failed with exit code 1: 4 Errors, 4 Warnings
Info: Finished: Create HDL design files for synthesis
